[2026-07-13 17:58:17] [4545] ------------------------------------------------------------------< start server 
[2026-07-13 17:58:21] [4] <- - - [5]
[2026-07-13 17:58:31] [5] channel <test> was created by <jaineko>
[2026-07-13 17:58:31] [5] <jaineko> join <test> as operator
[2026-07-13 17:58:31] [test] operators <5> members <> invite <> mode 	:
					 password: <>
					 topic: <>
					 t: <0>
					 l: <0>
					 i: <0>
[2026-07-13 17:58:47] [4] <- - - [6]
[2026-07-13 18:00:38] [6] <jaineko_> join <test> as members
[2026-07-13 18:00:38] [test] operators <5> members <6> invite <> mode 	:
					 password: <>
					 topic: <>
					 t: <0>
					 l: <0>
					 i: <0>
[2026-07-13 18:04:53] [test] operators <5,6> members <> invite <> mode 	:
					 password: <>
					 topic: <>
					 t: <0>
					 l: <0>
					 i: <0>
[2026-07-13 18:17:52] [4] ------------------------------------------------------------------ end server >

[2026-07-13 18:18:48] [4545] ------------------------------------------------------------------< start server 
[2026-07-13 18:18:48] [4] ------------------------------------------------------------------ end server >

[2026-07-13 18:18:51] [4545] ------------------------------------------------------------------< start server 
[2026-07-13 18:18:51] [4] ------------------------------------------------------------------ end server >

[2026-07-13 18:18:52] [4545] ------------------------------------------------------------------< start server 
[2026-07-13 18:18:52] [4] ------------------------------------------------------------------ end server >

[2026-07-13 18:23:54] [4545] ------------------------------------------------------------------< start server 
[2026-07-13 18:24:03] [4] <- - - [5]
[2026-07-13 18:24:03] [4] <- - - [6]
[2026-07-13 18:24:34] [5] channel <t> was created by <jaineko>
[2026-07-13 18:24:34] [5] <jaineko> join <t> as operator
[2026-07-13 18:24:34] [t] operators <5> members <> invite <> mode 	:
					 password: <>
					 topic: <>
					 t: <0>
					 l: <0>
					 i: <0>
[2026-07-13 18:24:43] [6] <jaineko_> join <t> as members
[2026-07-13 18:24:43] [t] operators <5> members <6> invite <> mode 	:
					 password: <>
					 topic: <>
					 t: <0>
					 l: <0>
					 i: <0>
[2026-07-13 18:26:12] [4] ------------------------------------------------------------------ end server >

[2026-07-13 18:33:49] [4545] ------------------------------------------------------------------< start server 
[2026-07-13 18:33:52] [4] <- - - [5]
[2026-07-13 18:33:52] [4] <- - - [6]
[2026-07-13 18:33:56] [-1] ------------------------------------------------------------------ end server >

[2026-07-13 18:35:31] [4545] ------------------------------------------------------------------< start server 
[2026-07-13 18:35:36] [4] <- - - [5]
[2026-07-13 18:35:36] [4] <- - - [6]
[2026-07-13 18:35:40] [-1] ------------------------------------------------------------------ end server >

[2026-07-13 18:38:08] [4545] ------------------------------------------------------------------< start server 
[2026-07-13 18:38:10] [4] <- - - [5]
[2026-07-13 18:38:10] [4] <- - - [6]
[2026-07-13 18:38:11] [4] ------------------------------------------------------------------ end server >

[2026-07-13 18:40:07] [4545] ------------------------------------------------------------------< start server 
[2026-07-13 18:40:10] [4] ------------------------------------------------------------------ end server >

[2026-07-13 18:40:15] [4545] ------------------------------------------------------------------< start server 
[2026-07-13 18:40:21] [4] <- - - [5]
[2026-07-13 18:40:21] [4] <- - - [6]
[2026-07-13 18:40:45] [5] channel <f> was created by <jaineko>
[2026-07-13 18:40:45] [5] <jaineko> join <f> as operator
[2026-07-13 18:40:45] [f] operators <5> members <> invite <> mode 	:
					 password: <>
					 topic: <>
					 t: <0>
					 l: <0>
					 i: <0>
[2026-07-13 18:41:01] [6] <jaineko_> join <f> as members
[2026-07-13 18:41:01] [f] operators <5> members <6> invite <> mode 	:
					 password: <>
					 topic: <>
					 t: <0>
					 l: <0>
					 i: <0>
[2026-07-13 18:46:19] [4] ------------------------------------------------------------------ end server >

[2026-07-13 18:46:50] [4545] ------------------------------------------------------------------< start server 
[2026-07-13 18:46:50] [4] ------------------------------------------------------------------ end server >

[2026-07-13 18:47:19] [4545] ------------------------------------------------------------------< start server 
[2026-07-13 18:47:19] [4] ------------------------------------------------------------------ end server >

[2026-07-13 18:47:23] [4545] ------------------------------------------------------------------< start server 
[2026-07-13 18:47:23] [4] ------------------------------------------------------------------ end server >

[2026-07-13 18:48:27] [4545] ------------------------------------------------------------------< start server 
[2026-07-13 18:48:29] [4] <- - - [5]
[2026-07-13 18:48:29] [4] <- - - [6]
[2026-07-13 18:48:56] [5] channel <r> was created by <jaineko>
[2026-07-13 18:48:56] [5] <jaineko> join <r> as operator
[2026-07-13 18:48:56] [r] operators <5> members <> invite <> mode 	:
					 password: <>
					 topic: <>
					 t: <0>
					 l: <0>
					 i: <0>
[2026-07-13 18:49:03] [6] <jaineko_> join <r> as members
[2026-07-13 18:49:03] [r] operators <5> members <6> invite <> mode 	:
					 password: <>
					 topic: <>
					 t: <0>
					 l: <0>
					 i: <0>
[2026-07-13 18:51:43] [4] ------------------------------------------------------------------ end server >

[2026-07-13 18:51:49] [4545] ------------------------------------------------------------------< start server 
[2026-07-13 18:51:49] [4] ------------------------------------------------------------------ end server >

[2026-07-13 18:51:53] [4545] ------------------------------------------------------------------< start server 
[2026-07-13 18:51:53] [4] ------------------------------------------------------------------ end server >

[2026-07-13 18:53:09] [4545] ------------------------------------------------------------------< start server 
[2026-07-13 18:53:13] [4] <- - - [5]
[2026-07-13 18:53:13] [4] <- - - [6]
[2026-07-13 18:53:24] [5] channel <g> was created by <jaineko>
[2026-07-13 18:53:24] [5] <jaineko> join <g> as operator
[2026-07-13 18:53:24] [g] operators <5> members <> invite <> mode 	:
					 password: <>
					 topic: <>
					 t: <0>
					 l: <0>
					 i: <0>
[2026-07-13 18:53:35] [6] <jaineko_> join <g> as members
[2026-07-13 18:53:35] [g] operators <5> members <6> invite <> mode 	:
					 password: <>
					 topic: <>
					 t: <0>
					 l: <0>
					 i: <0>
[2026-07-13 18:54:18] [4] ------------------------------------------------------------------ end server >

[2026-07-13 18:54:25] [4545] ------------------------------------------------------------------< start server 
[2026-07-13 18:54:25] [4] ------------------------------------------------------------------ end server >

[2026-07-13 18:54:28] [4545] ------------------------------------------------------------------< start server 
[2026-07-13 18:54:28] [4] ------------------------------------------------------------------ end server >

[2026-07-13 18:54:29] [4545] ------------------------------------------------------------------< start server 
[2026-07-13 18:54:29] [4] ------------------------------------------------------------------ end server >

[2026-07-13 18:59:50] [4545] ------------------------------------------------------------------< start server 
[2026-07-13 18:59:58] [4] <- - - [5]
[2026-07-13 18:59:58] [4] <- - - [6]
[2026-07-13 19:00:02] [6] channel <2> was created by <jaineko_>
[2026-07-13 19:00:02] [6] <jaineko_> join <2> as operator
[2026-07-13 19:00:02] [2] operators <6> members <> invite <> mode 	:
					 password: <>
					 topic: <>
					 t: <0>
					 l: <0>
					 i: <0>
[2026-07-13 19:00:17] [6] channel <h> was created by <jaineko_>
[2026-07-13 19:00:17] [6] <jaineko_> join <h> as operator
[2026-07-13 19:00:17] [h] operators <6> members <> invite <> mode 	:
					 password: <>
					 topic: <>
					 t: <0>
					 l: <0>
					 i: <0>
[2026-07-13 19:00:27] [5] channel <g> was created by <jaineko>
[2026-07-13 19:00:27] [5] <jaineko> join <g> as operator
[2026-07-13 19:00:27] [g] operators <5> members <> invite <> mode 	:
					 password: <>
					 topic: <>
					 t: <0>
					 l: <0>
					 i: <0>
[2026-07-13 19:00:36] [4] ------------------------------------------------------------------ end server >

[2026-07-13 19:01:56] [4545] ------------------------------------------------------------------< start server 
[2026-07-13 19:02:03] [4] <- - - [5]
[2026-07-13 19:02:14] [5] channel <j> was created by <jaineko>
[2026-07-13 19:02:14] [5] <jaineko> join <j> as operator
[2026-07-13 19:02:14] [j] operators <5> members <> invite <> mode 	:
					 password: <>
					 topic: <>
					 t: <0>
					 l: <0>
					 i: <0>
[2026-07-13 19:02:20] [4] <- - - [6]
[2026-07-13 19:02:38] [6] <jaineko_> join <j> as members
[2026-07-13 19:02:38] [j] operators <5> members <6> invite <> mode 	:
					 password: <>
					 topic: <>
					 t: <0>
					 l: <0>
					 i: <0>
[2026-07-13 19:02:51] <j> is destroy
[2026-07-13 19:05:11] [4] ------------------------------------------------------------------ end server >

[2026-07-13 19:05:19] [4545] ------------------------------------------------------------------< start server 
[2026-07-13 19:05:30] [4] <- - - [5]
[2026-07-13 19:05:33] [4] <- - - [6]
[2026-07-13 19:05:46] [5] channel <d> was created by <jaineko>
[2026-07-13 19:05:46] [5] <jaineko> join <d> as operator
[2026-07-13 19:05:46] [d] operators <5> members <> invite <> mode 	:
					 password: <>
					 topic: <>
					 t: <0>
					 l: <0>
					 i: <0>
[2026-07-13 19:05:55] [6] <jaineko_> join <d> as members
[2026-07-13 19:05:55] [d] operators <5> members <6> invite <> mode 	:
					 password: <>
					 topic: <>
					 t: <0>
					 l: <0>
					 i: <0>
[2026-07-13 19:07:40] [4] ------------------------------------------------------------------ end server >

